// Jest Snapshot v1, https://goo.gl/fbAQLP

exports[`Contact should match Contact component 1`] = `
<section>
  <div
    className="wrapper"
  >
    <h4
      className="sectionTitle  sectionTitleMargin"
    >
      Contact me 🙋‍♂️
    </h4>
    <div
      className="contact"
    >
      <p>
        Here's a list of useful links where you can get in touch with me:
      </p>
      <ul>
        <li>
          <a
            href="mailto:hi@carloscuesta.me"
            rel="noopener noreferrer"
            target="_blank"
          >
            Email
          </a>
        </li>
        <li>
          <a
            href="https://twitter.com/crloscuesta"
            rel="noopener noreferrer"
            target="_blank"
          >
            Twitter
          </a>
        </li>
        <li>
          <a
            href="https://linkedin.com/in/crloscuesta"
            rel="noopener noreferrer"
            target="_blank"
          >
            Linkedin
          </a>
        </li>
      </ul>
    </div>
  </div>
</section>
`;
