// Jest Snapshot v1, https://goo.gl/fbAQLP

exports[`Stats should match Stats component 1`] = `
<section>
  <div
    className="container "
  >
    <div>
      <h2
        className="sectionTitle sectionTitleMargin"
      >
        Stats
      </h2>
    </div>
  </div>
  <div
    className="row"
  >
    <div
      className="col-xs-12 col-sm-6 col-md-4"
    >
      <article
        className="card"
      >
        <p
          className="label"
        >
          GitHub Stars
        </p>
        <strong
          className="value"
        >
          10,000
        </strong>
      </article>
    </div>
    <div
      className="col-xs-12 col-sm-6 col-md-4"
    >
      <article
        className="card"
      >
        <p
          className="label"
        >
          GitHub Followers
        </p>
        <strong
          className="value"
        >
          100
        </strong>
      </article>
    </div>
    <div
      className="col-xs-12 col-sm-6 col-md-4"
    >
      <article
        className="card"
      >
        <p
          className="label"
        >
          Repositories
        </p>
        <strong
          className="value"
        >
          10
        </strong>
      </article>
    </div>
    <div
      className="col-xs-12 col-sm-6 col-md-4"
    >
      <article
        className="card"
      >
        <p
          className="label"
        >
          NPM Downloads (Last year)
        </p>
        <strong
          className="value"
        >
          100,000
        </strong>
      </article>
    </div>
  </div>
</section>
`;
