// Jest Snapshot v1, https://jestjs.io/docs/snapshot-testing

exports[`ShareLinks should match ShareLinks component 1`] = `
<div>
  <section
    class="my-8"
  >
    <p
      class="pb-6 text-xl font-bold tracking-tight"
    >
      Enjoyed the article? 😍
    </p>
    <div
      class="grid grid-cols-1 gap-3 sm:grid-flow-col sm:grid-cols-[repeat(3,max-content)]"
    >
      <a
        class="shadow-2xs text-sm flex flex-none cursor-pointer items-center justify-center rounded-md border border-neutral-400/30 bg-transparent px-4 py-2 font-semibold leading-none text-neutral-700 opacity-100 transition-all hover:border-neutral-400/50 hover:shadow-xs dark:border-neutral-700 dark:text-neutral-200 dark:hover:border-neutral-600 dark:hover:text-white sm:space-x-2"
        href="https://twitter.com/intent/tweet?text=This is a post&url=https://www.example.com/blog/this-is-a-post&via=crloscuesta"
        rel="noopener noreferrer"
        target="_blank"
      >
        Share on Twitter
      </a>
      <a
        class="shadow-2xs text-sm flex flex-none cursor-pointer items-center justify-center rounded-md border border-neutral-400/30 bg-transparent px-4 py-2 font-semibold leading-none text-neutral-700 opacity-100 transition-all hover:border-neutral-400/50 hover:shadow-xs dark:border-neutral-700 dark:text-neutral-200 dark:hover:border-neutral-600 dark:hover:text-white sm:space-x-2"
        href="https://twitter.com/search?q=https://www.example.com/blog/this-is-a-post"
        rel="noopener noreferrer"
        target="_blank"
      >
        Discuss on Twitter
      </a>
      <a
        class="shadow-2xs text-sm flex flex-none cursor-pointer items-center justify-center rounded-md border border-neutral-400/30 bg-transparent px-4 py-2 font-semibold leading-none text-neutral-700 opacity-100 transition-all hover:border-neutral-400/50 hover:shadow-xs dark:border-neutral-700 dark:text-neutral-200 dark:hover:border-neutral-600 dark:hover:text-white sm:space-x-2"
        href="https://github.com/carloscuesta/carloscuesta.me/edit/master/src/posts/this-is-a-post.md"
        rel="noopener noreferrer"
        target="_blank"
      >
        Edit post
      </a>
    </div>
  </section>
</div>
`;
