// Jest Snapshot v1, https://goo.gl/fbAQLP

exports[`NewsletterSubscribe should match NewsletterSubscribe component 1`] = `
<div>
  <form
    action="https://buttondown.com/api/emails/embed-subscribe/carloscuesta"
    class="my-8"
    method="post"
    target="popupwindow"
  >
    <p
      class="pb-6 text-xl font-bold tracking-tight"
    >
      Subscribe 👨‍💻
    </p>
    <div
      class="pb-6"
    >
      <label
        for="bd-email"
      >
        Be the first to know when I write something new! If you don't like emails, you can follow me on
         
        <a
          class="underline underline-offset-2"
          href="https://twitter.com/intent/follow?screen_name=crloscuesta"
          rel="noopener noreferrer"
          target="_blank"
        >
          twitter
        </a>
        .
      </label>
    </div>
    <div>
      <div
        class="grid grid-flow-col grid-cols-[70%,30%] gap-3 sm:grid-cols-[312px,min-content]"
      >
        <input
          class="text-sm rounded-md border border-neutral-400 border-opacity-30 bg-transparent px-2 py-1 text-neutral-700 opacity-100 outline-none ring-neutral-300  transition-all hover:border-opacity-50 hover:shadow-sm focus:ring-2 dark:border-neutral-700 dark:text-neutral-200 dark:ring-neutral-500 dark:hover:border-neutral-600 dark:hover:text-white sm:space-x-2"
          id="bd-email"
          name="email"
          placeholder="you@email.com"
          required=""
          type="email"
        />
        <input
          name="embed"
          type="hidden"
          value="1"
        />
        <input
          class="text-sm shadow-xs cursor-pointer rounded-md border border-neutral-400 border-opacity-30 bg-transparent px-4 py-1 font-semibold text-neutral-700 outline-none ring-neutral-300 transition-all hover:border-opacity-50 hover:shadow-sm focus:ring-2 dark:border-neutral-700 dark:text-neutral-200 dark:ring-neutral-500 dark:hover:border-neutral-600 dark:hover:text-white"
          type="submit"
          value="Subscribe"
        />
      </div>
    </div>
  </form>
</div>
`;
