// Jest Snapshot v1, https://goo.gl/fbAQLP

exports[`WhoAmI should match WhoAmI component 1`] = `
<div>
  <section
    class="space-y-5"
  >
    <p>
      <em>
        Hey there!
      </em>
       👋. I'm Carlos, a Front End Engineer based in Barcelona, that loves to code and build products with a delightful user experience.
    </p>
    <p>
      Currently working at
       
      <a
        class="underline underline-offset-2"
        href="https://n26.com"
        rel="noopener noreferrer"
        target="_blank"
      >
        N26
      </a>
       
      as a Lead Web Engineer, building the digital bank the world loves to use. Before that I worked at a grocery startup
       
      <a
        class="underline underline-offset-2"
        href="https://ulabox.com"
        rel="noopener noreferrer"
        target="_blank"
      >
        Ulabox
      </a>
      , the online supermarket.
    </p>
    <p>
      I love working in between product, engineering and developer experience. Some things that make me excited are JavaScript, Open Source, CI & CD systems, simplicity, automating things and building meaningful user-centric products.
    </p>
    <p>
      I was born and raised in Badalona next to the mediterranean sea and come from a background of studying Computer Science.
    </p>
    <p>
      Outside of work, I'm obsessed with sports, doing open source and
       
      <a
        class="underline underline-offset-2"
        href="/photos"
      >
        travelling
      </a>
       
      with my family.
    </p>
    <div
      class="py-4 flex gap-0 lg:gap-6 lg:flex-wrap className"
    >
      <div
        class="select-none p-4 rounded-lg bg-gradient-to-b from-white to-neutral-100 shadow-2xl dark:from-neutral-200 dark:to-neutral-200 text-center hover:scale-105 hover:rotate-0 transition-transform ease-out -rotate-3"
      >
        <div
          class="relative h-fit w-fit overflow-hidden rounded"
        >
          <img
            alt="Wife & I ❣️"
            data-nimg="1"
            decoding="async"
            height="240"
            loading="eager"
            src="/_next/image?url=%2Fimg.jpg&w=640&q=75"
            srcset="/_next/image?url=%2Fimg.jpg&w=256&q=75 1x, /_next/image?url=%2Fimg.jpg&w=640&q=75 2x"
            style="color: transparent; background-size: cover; background-position: 50% 50%; background-repeat: no-repeat; background-image: url(data:image/gif;base64,R0lGODlhAQABAPAAANTU1P///yH5BAAAAAAALAAAAAABAAEAAAICRAEAOw==);"
            width="240"
          />
          <div
            class="absolute inset-0 shadow-[inset_0_0_4px_rgba(0,0,0,.3)]"
          />
        </div>
        <p
          class="mt-3 text-center text-neutral-600 dark:text-neutral-800 text-md"
        >
          Wife & I ❣️
        </p>
      </div>
      <div
        class="select-none p-4 rounded-lg bg-gradient-to-b from-white to-neutral-100 shadow-2xl dark:from-neutral-200 dark:to-neutral-200 text-center hover:scale-105 hover:rotate-0 transition-transform ease-out rotate-1"
      >
        <div
          class="relative h-fit w-fit overflow-hidden rounded"
        >
          <img
            alt="Miami '23 🏖️"
            data-nimg="1"
            decoding="async"
            height="240"
            loading="eager"
            src="/_next/image?url=%2Fimg.jpg&w=640&q=75"
            srcset="/_next/image?url=%2Fimg.jpg&w=256&q=75 1x, /_next/image?url=%2Fimg.jpg&w=640&q=75 2x"
            style="color: transparent; background-size: cover; background-position: 50% 50%; background-repeat: no-repeat; background-image: url(data:image/gif;base64,R0lGODlhAQABAPAAANTU1P///yH5BAAAAAAALAAAAAABAAEAAAICRAEAOw==);"
            width="240"
          />
          <div
            class="absolute inset-0 shadow-[inset_0_0_4px_rgba(0,0,0,.3)]"
          />
        </div>
        <p
          class="mt-3 text-center text-neutral-600 dark:text-neutral-800 text-md"
        >
          Miami '23 🏖️
        </p>
      </div>
      <div
        class="hidden sm:block"
      >
        <div
          class="select-none p-4 rounded-lg bg-gradient-to-b from-white to-neutral-100 shadow-2xl dark:from-neutral-200 dark:to-neutral-200 text-center hover:scale-105 hover:rotate-0 transition-transform ease-out -rotate-2"
        >
          <div
            class="relative h-fit w-fit overflow-hidden rounded"
          >
            <img
              alt="Longboard 🛹"
              data-nimg="1"
              decoding="async"
              height="240"
              loading="eager"
              src="/_next/image?url=%2Fimg.jpg&w=640&q=75"
              srcset="/_next/image?url=%2Fimg.jpg&w=256&q=75 1x, /_next/image?url=%2Fimg.jpg&w=640&q=75 2x"
              style="color: transparent; background-size: cover; background-position: 50% 50%; background-repeat: no-repeat; background-image: url(data:image/gif;base64,R0lGODlhAQABAPAAANTU1P///yH5BAAAAAAALAAAAAABAAEAAAICRAEAOw==);"
              width="240"
            />
            <div
              class="absolute inset-0 shadow-[inset_0_0_4px_rgba(0,0,0,.3)]"
            />
          </div>
          <p
            class="mt-3 text-center text-neutral-600 dark:text-neutral-800 text-md"
          >
            Longboard 🛹
          </p>
        </div>
      </div>
    </div>
  </section>
</div>
`;
