// Jest Snapshot v1, https://goo.gl/fbAQLP

exports[`Experience should match Experience component 1`] = `
<section>
  <div
    className="container "
  >
    <div>
      <h2
        className="sectionTitle sectionTitleMargin"
      >
        Work
      </h2>
    </div>
  </div>
  <div>
    <div
      className="flex"
    >
      <div>
        <img
          alt="N26"
          className="lazyload rounded-full"
          data-src="https://res.cloudinary.com/carloscuesta/image/upload/v1617353828/about-me/n26.png"
          height={48}
          src="data:image/gif;base64,R0lGODlhAQABAAAAACH5BAEKAAEALAAAAAABAAEAAAICTAEAOw=="
          width={48}
        />
      </div>
      <div
        className="flex flex-col grow pb-6"
      >
        <p
          className="opacity-50"
        >
          N26
        </p>
        <div
          className="flex pb-2 px-4"
        >
          <div
            className="grow "
          >
            <p
              className="font-medium"
            >
              Lead Web Engineer
            </p>
          </div>
          <span>
            2022
             – 
            <span>
              Now
            </span>
          </span>
        </div>
        <div
          className="flex pb-2 px-4"
        >
          <div
            className="grow "
          >
            <p
              className="font-medium"
            >
              Senior Web Engineer
            </p>
          </div>
          <span>
            2021
             – 
            2022
          </span>
        </div>
      </div>
    </div>
    <div
      className="flex"
    >
      <div>
        <img
          alt="Ulabox"
          className="lazyload rounded-full"
          data-src="https://res.cloudinary.com/carloscuesta/image/upload/v1593899513/about-me/ulabox.png"
          height={48}
          src="data:image/gif;base64,R0lGODlhAQABAAAAACH5BAEKAAEALAAAAAABAAEAAAICTAEAOw=="
          width={48}
        />
      </div>
      <div
        className="flex flex-col grow pb-6"
      >
        <p
          className="opacity-50"
        >
          Ulabox
        </p>
        <div
          className="flex pb-2 px-4"
        >
          <div
            className="grow "
          >
            <p
              className="font-medium"
            >
              Lead Front End Engineer
            </p>
          </div>
          <span>
            2018
             – 
            2021
          </span>
        </div>
        <div
          className="flex pb-2 px-4"
        >
          <div
            className="grow "
          >
            <p
              className="font-medium"
            >
              Front End Engineer
            </p>
          </div>
          <span>
            2017
             – 
            2018
          </span>
        </div>
      </div>
    </div>
    <div
      className="flex"
    >
      <div>
        <img
          alt="Mediàtic"
          className="lazyload rounded-full"
          data-src="https://res.cloudinary.com/carloscuesta/image/upload/v1593899512/about-me/mediatic.png"
          height={48}
          src="data:image/gif;base64,R0lGODlhAQABAAAAACH5BAEKAAEALAAAAAABAAEAAAICTAEAOw=="
          width={48}
        />
      </div>
      <div
        className="flex flex-col grow pb-6"
      >
        <p
          className="opacity-50"
        >
          Mediàtic
        </p>
        <div
          className="flex pb-2 px-4"
        >
          <div
            className="grow "
          >
            <p
              className="font-medium"
            >
              Front End Developer
            </p>
          </div>
          <span>
            2015
             – 
            2016
          </span>
        </div>
      </div>
    </div>
    <div
      className="flex"
    >
      <div>
        <img
          alt="Friendly Rentals"
          className="lazyload rounded-full"
          data-src="https://res.cloudinary.com/carloscuesta/image/upload/v1593938160/about-me/friendlyrentals.png"
          height={48}
          src="data:image/gif;base64,R0lGODlhAQABAAAAACH5BAEKAAEALAAAAAABAAEAAAICTAEAOw=="
          width={48}
        />
      </div>
      <div
        className="flex flex-col grow pb-6"
      >
        <p
          className="opacity-50"
        >
          Friendly Rentals
        </p>
        <div
          className="flex pb-2 px-4"
        >
          <div
            className="grow "
          >
            <p
              className="font-medium"
            >
              Front End Developer Intern
            </p>
          </div>
          <span>
            2014
             – 
            2015
          </span>
        </div>
      </div>
    </div>
  </div>
  <hr />
</section>
`;
