// Jest Snapshot v1, https://goo.gl/fbAQLP

exports[`Experience should match Experience component 1`] = `
<section>
  <div
    className="wrapper"
  >
    <h4
      className="sectionTitle  sectionTitleMargin"
    >
      Experience
    </h4>
    <div
      className="row"
    >
      <div
        className="col-xs-12 job"
      >
        <div
          className="container"
        >
          <div
            className="container"
          >
            <img
              alt="Ulabox"
              className="lazyload logo"
              data-src="https://res.cloudinary.com/carloscuesta/image/upload/v1593899513/about-me/ulabox.png"
              height={48}
              src="data:image/gif;base64,R0lGODlhAQABAAAAACH5BAEKAAEALAAAAAABAAEAAAICTAEAOw=="
              width={48}
            />
          </div>
          <div
            className="position"
          >
            <h5
              className="title"
            >
              <a
                href="https://ulabox.com"
                rel="noopener noreferrer"
                target="_blank"
              >
                Ulabox
              </a>
            </h5>
            <span
              className="timestamp"
            >
              January 2017
               – 
              <span
                className="currentPosition"
              >
                Now
              </span>
            </span>
            <div
              className="positionList"
            >
              <span
                className="positionMark"
              />
              <h5
                className="title"
              >
                Lead Front End Engineer
              </h5>
              <span
                className="timestamp"
              >
                March 2018
                 – 
                <span
                  className="currentPosition"
                >
                  Now
                </span>
              </span>
              <p>
                As a Lead Front End Engineer I mentored 3 developers. I helped to define, organize and breakdown new projects. I moved the whole website to React using SSR with Next.js. I built different React-Native applications for our logistic process and I maintained and introduced new features to the Ulabox application.
              </p>
            </div>
            <div
              className="positionList"
            >
              <span
                className="positionMark"
              />
              <h5
                className="title"
              >
                Front End Engineer
              </h5>
              <span
                className="timestamp"
              >
                January 2017
                 – 
                March 2018
              </span>
              <p>
                I contributed to the release of the Ulabox React-Native application and maintained the website. Also I automated the process of shipping our native applications to stores using Fastlane.
              </p>
            </div>
          </div>
        </div>
      </div>
      <div
        className="col-xs-12 job"
      >
        <div
          className="container"
        >
          <div
            className="container"
          >
            <img
              alt="Mediàtic"
              className="lazyload logo"
              data-src="https://res.cloudinary.com/carloscuesta/image/upload/v1593899512/about-me/mediatic.png"
              height={48}
              src="data:image/gif;base64,R0lGODlhAQABAAAAACH5BAEKAAEALAAAAAABAAEAAAICTAEAOw=="
              width={48}
            />
          </div>
          <div
            className="position"
          >
            <h5
              className="title"
            >
              Front End Developer at 
              <a
                href="https://www.bemediatic.com"
                rel="noopener noreferrer"
                target="_blank"
              >
                Mediàtic
              </a>
            </h5>
            <span
              className="timestamp"
            >
              March 2015
               – 
              December 2016
            </span>
            <p>
              As a Front-End Developer on this marketing agency I built a lot of websites for our clients using HTML, CSS and JS with Wordpress as a CMS. I helped to improve the development internal tooling.
            </p>
          </div>
        </div>
      </div>
      <div
        className="col-xs-12 job"
      >
        <div
          className="container"
        >
          <div
            className="container"
          >
            <img
              alt="Friendly Rentals"
              className="lazyload logo"
              data-src="https://res.cloudinary.com/carloscuesta/image/upload/v1593938160/about-me/friendlyrentals.png"
              height={48}
              src="data:image/gif;base64,R0lGODlhAQABAAAAACH5BAEKAAEALAAAAAABAAEAAAICTAEAOw=="
              width={48}
            />
          </div>
          <div
            className="position"
          >
            <h5
              className="title"
            >
              Front End Developer Intern at 
              <a
                href="https://www.friendlyrentals.com"
                rel="noopener noreferrer"
                target="_blank"
              >
                Friendly Rentals
              </a>
            </h5>
            <span
              className="timestamp"
            >
              October 2014
               – 
              February 2015
            </span>
            <p>
              As an intern I helped on building static pages of the website using Bootstrap, HTML and jQuery.
            </p>
          </div>
        </div>
      </div>
    </div>
    <hr />
  </div>
</section>
`;
