// Jest Snapshot v1, https://goo.gl/fbAQLP

exports[`FeaturedImage should match FeaturedImage component 1`] = `
<header
  className="relative"
>
  <img
    alt="post title"
    className="my-8 rounded-lg"
    data-nimg="1"
    decoding="async"
    height={376}
    loading="lazy"
    onError={[Function]}
    onLoad={[Function]}
    src="/_next/image?url=https%3A%2F%2Fres.cloudinary.com%2Fcarloscuesta%2Fimage%2Fupload%2Fv1454754838%2Fkcuq34zbo1yieygmx0y6.png&w=1920&q=75"
    srcSet="/_next/image?url=https%3A%2F%2Fres.cloudinary.com%2Fcarloscuesta%2Fimage%2Fupload%2Fv1454754838%2Fkcuq34zbo1yieygmx0y6.png&w=828&q=75 1x, /_next/image?url=https%3A%2F%2Fres.cloudinary.com%2Fcarloscuesta%2Fimage%2Fupload%2Fv1454754838%2Fkcuq34zbo1yieygmx0y6.png&w=1920&q=75 2x"
    style={
      {
        "backgroundImage": "url("data:image/svg+xml;charset=utf-8,%3Csvg xmlns='http%3A//www.w3.org/2000/svg' viewBox='0 0 752 376'%3E%3Cfilter id='b' color-interpolation-filters='sRGB'%3E%3CfeGaussianBlur stdDeviation='20'/%3E%3C/filter%3E%3Cimage preserveAspectRatio='none' filter='url(%23b)' x='0' y='0' height='100%25' width='100%25' href='https://res.cloudinary.com/carloscuesta/image/upload/t_post-preview-lqpi/v1454754838/kcuq34zbo1yieygmx0y6.png'/%3E%3C/svg%3E")",
        "backgroundPosition": "50% 50%",
        "backgroundRepeat": "no-repeat",
        "backgroundSize": "cover",
        "color": "transparent",
      }
    }
    width={752}
  />
</header>
`;
