// Jest Snapshot v1, https://goo.gl/fbAQLP

exports[`Biography should match Biography component 1`] = `
<div>
  <section
    class="my-12"
  >
    <div
      class="m-[0_auto] max-w-4xl px-6 sm:px-4"
    >
      <div
        class="flex text-sm lowercase opacity-60"
      >
        <span
          class="block w-[62px] whitespace-nowrap"
        />
        <div
          class="flex gap-1.5"
        >
          <span>
            ·
          </span>
          <a
            href="https://maps.apple.com/place?q=Barcelona&ll=41.3826807%2C2.1770239&auid=2262861905204318884&lsp=7618&address=Barcelona%2C%20Spain"
            rel="noopener noreferrer nofollow"
            target="_blank"
          >
            Barcelona, Spain
          </a>
        </div>
      </div>
      <div
        class="flex justify-between gap-8"
      >
        <div>
          <h1
            class="flex gap-2 pb-4 text-2xl"
          >
            <span
              class="font-bold"
            >
              Hey, I'm Carlos Cuesta
            </span>
            <span
              class="inline-block origin-[70%_70%] animate-wave"
            >
              👋🏼
            </span>
          </h1>
          <div
            class="grid gap-4"
          >
            <p
              class="sm:max-w-md"
            >
              I'm a Front End Engineer based in Barcelona. I
               
              <a
                class="underline-offset-2 underline"
                href="https://github.com/carloscuesta"
                rel="noopener noreferrer"
                target="_blank"
              >
                code
              </a>
              ,
               
              <a
                class="underline-offset-2 underline"
                href="/blog"
                rel="noopener noreferrer"
                target="_blank"
              >
                write
              </a>
               and run
               
              <a
                class="underline-offset-2 underline"
                href="https://bueno.studio"
                rel="noopener noreferrer"
                target="_blank"
              >
                bueno.studio
              </a>
              .
            </p>
            <p
              class="sm:max-w-md"
            >
              I love working in-between product, engineering and developer experience, currently at
               
              <a
                class="underline-offset-2 underline"
                href="https://apple.com"
                rel="noopener noreferrer"
                target="_blank"
              >
                Apple
              </a>
              .
            </p>
          </div>
        </div>
        <img
          alt="Carlos Cuesta"
          class="hidden h-44 w-44 transform-gpu rounded-full sm:block"
          data-nimg="1"
          decoding="async"
          height="176"
          loading="lazy"
          src="/_next/image?url=https%3A%2F%2Fres.cloudinary.com%2Fcarloscuesta%2Fimage%2Fupload%2Fs--ekQN9GP_--%2Fc_scale%2Cw_320%2Fv1594588508%2Fcarloscuesta.jpg&w=384&q=75"
          srcset="/_next/image?url=https%3A%2F%2Fres.cloudinary.com%2Fcarloscuesta%2Fimage%2Fupload%2Fs--ekQN9GP_--%2Fc_scale%2Cw_320%2Fv1594588508%2Fcarloscuesta.jpg&w=256&q=75 1x, /_next/image?url=https%3A%2F%2Fres.cloudinary.com%2Fcarloscuesta%2Fimage%2Fupload%2Fs--ekQN9GP_--%2Fc_scale%2Cw_320%2Fv1594588508%2Fcarloscuesta.jpg&w=384&q=75 2x"
          style="color: transparent; background-size: cover; background-position: 50% 50%; background-repeat: no-repeat;"
          width="176"
        />
      </div>
    </div>
  </section>
</div>
`;
