// Jest Snapshot v1, https://goo.gl/fbAQLP

exports[`OpenSource should match OpenSource component 1`] = `
<div>
  <section>
    <div
      class="m-[0_auto] max-w-4xl px-6 sm:px-4"
    >
      <h2
        class="my-6 block text-lg font-bold"
      >
        Projects
      </h2>
      <div
        class="grid gap-5 sm:grid-cols-2 md:grid-cols-3"
      >
        <a
          class="border-neutral-150 grid gap-2.5 rounded-xl border py-4 px-5 hover:bg-neutral-100 dark:border-neutral-800 dark:hover:bg-neutral-900 transition-all focus-within:bg-neutral-100 dark:focus-within:bg-neutral-900 outline-none focus:border-neutral-300 dark:focus:border-neutral-500"
          href="https://github.com/carloscuesta/gitmoji"
          rel="noopener noreferrer"
          target="_blank"
          title="gitmoji"
        >
          <p
            class="font-semibold"
          >
            gitmoji
          </p>
          <p
            class="text-sm opacity-70"
          >
            An emoji guide for your commit messages. 😜 
          </p>
          <div
            class="flex items-center gap-2.5 text-sm"
          >
            <div
              class="flex items-center gap-1"
            >
              <div
                class="h-2 w-2 rounded-full language-project-javascript"
              />
              <span
                class="opacity-70"
              >
                javascript
              </span>
            </div>
            <div
              class="flex items-center gap-1"
            >
              <svg
                class="p-[1.5px] opacity-70"
                fill="currentColor"
                height="16"
                viewBox="0 0 16 16"
                width="16"
              >
                <path
                  d="M8 .25a.75.75 0 01.673.418l1.882 3.815 4.21.612a.75.75 0 01.416 1.279l-3.046 2.97.719 4.192a.75.75 0 01-1.088.791L8 12.347l-3.766 1.98a.75.75 0 01-1.088-.79l.72-4.194L.818 6.374a.75.75 0 01.416-1.28l4.21-.611L7.327.668A.75.75 0 018 .25z"
                />
              </svg>
              <span
                class="opacity-70"
              >
                7,323
              </span>
            </div>
          </div>
        </a>
        <a
          class="border-neutral-150 grid gap-2.5 rounded-xl border py-4 px-5 hover:bg-neutral-100 dark:border-neutral-800 dark:hover:bg-neutral-900 transition-all focus-within:bg-neutral-100 dark:focus-within:bg-neutral-900 outline-none focus:border-neutral-300 dark:focus:border-neutral-500"
          href="https://github.com/carloscuesta/gitmoji-cli"
          rel="noopener noreferrer"
          target="_blank"
          title="gitmoji-cli"
        >
          <p
            class="font-semibold"
          >
            gitmoji-cli
          </p>
          <p
            class="text-sm opacity-70"
          >
            A gitmoji interactive command line tool for using emojis on commits. 💻
          </p>
          <div
            class="flex items-center gap-2.5 text-sm"
          >
            <div
              class="flex items-center gap-1"
            >
              <div
                class="h-2 w-2 rounded-full language-project-javascript"
              />
              <span
                class="opacity-70"
              >
                javascript
              </span>
            </div>
            <div
              class="flex items-center gap-1"
            >
              <svg
                class="p-[1.5px] opacity-70"
                fill="currentColor"
                height="16"
                viewBox="0 0 16 16"
                width="16"
              >
                <path
                  d="M8 .25a.75.75 0 01.673.418l1.882 3.815 4.21.612a.75.75 0 01.416 1.279l-3.046 2.97.719 4.192a.75.75 0 01-1.088.791L8 12.347l-3.766 1.98a.75.75 0 01-1.088-.79l.72-4.194L.818 6.374a.75.75 0 01.416-1.28l4.21-.611L7.327.668A.75.75 0 018 .25z"
                />
              </svg>
              <span
                class="opacity-70"
              >
                2,400
              </span>
            </div>
          </div>
        </a>
      </div>
    </div>
  </section>
</div>
`;
