// Jest Snapshot v1, https://goo.gl/fbAQLP

exports[`BlogPost should match BlogPost component 1`] = `
<div>
  <li
    class="-mx-1.5"
  >
    <a
      class="block p-1.5 h-full w-full rounded-md transition-all focus-within:bg-neutral-100 hover:bg-neutral-100 dark:focus-within:bg-neutral-900 dark:hover:bg-neutral-900 outline-none focus:ring-1 focus:ring-neutral-300 dark:focus:ring-neutral-500 text-[15px]"
      href="/blog/post-slug"
      tabindex="0"
      title="Post Title"
    >
      <article
        class="flex flex-col-reverse sm:flex-row sm:items-baseline sm:gap-3"
      >
        <time
          aria-label="Written 15/12/2019 10:00"
          class="opacity-60 sm:w-[6.25rem]"
          datetime="2019-12-15 10:00"
        >
          15 Dec, 2019
        </time>
        <div
          class="grid flex-1 grid-flow-col items-baseline justify-between gap-10 md:items-center"
        >
          <header
            class="font-medium"
          >
            Post Title
          </header>
          <p
            class="font-mono opacity-60 text-sm"
          >
            1,000 views
          </p>
        </div>
      </article>
    </a>
  </li>
</div>
`;
