// Jest Snapshot v1, https://goo.gl/fbAQLP

exports[`api cache should match apiCache 1`] = `
NodeCache {
  "ERRORS": Object {
    "ECACHEFULL": [Function],
    "EKEYSTYPE": [Function],
    "EKEYTYPE": [Function],
    "ENOTFOUND": [Function],
    "ETTLTYPE": [Function],
  },
  "_check": [Function],
  "_checkData": [Function],
  "_error": [Function],
  "_events": Object {},
  "_eventsCount": 0,
  "_getValLength": [Function],
  "_initErrors": [Function],
  "_isInvalidKey": [Function],
  "_maxListeners": undefined,
  "_wrap": [Function],
  "checkTimeout": 2,
  "close": [Function],
  "data": Object {},
  "del": [Function],
  "flushAll": [Function],
  "flushStats": [Function],
  "get": [Function],
  "getStats": [Function],
  "getTtl": [Function],
  "has": [Function],
  "keys": [Function],
  "mget": [Function],
  "mset": [Function],
  "options": Object {
    "arrayValueSize": 40,
    "checkperiod": 600,
    "deleteOnExpire": true,
    "enableLegacyCallbacks": false,
    "forceString": false,
    "maxKeys": -1,
    "objectValueSize": 80,
    "promiseValueSize": 80,
    "stdTTL": 7200,
    "useClones": true,
  },
  "set": [Function],
  "stats": Object {
    "hits": 0,
    "keys": 0,
    "ksize": 0,
    "misses": 0,
    "vsize": 0,
  },
  "take": [Function],
  "ttl": [Function],
  "validKeyTypes": Array [
    "string",
    "number",
  ],
}
`;
