// Jest Snapshot v1, https://goo.gl/fbAQLP

exports[`Header should match Header component 1`] = `
<header
  className="container"
>
  <div
    className="wrapper"
  >
    <h1
      className="title"
    >
      Hi, I'm 
      <span
        className="name"
      >
        Carlos Cuesta
      </span>
    </h1>
    <span
      className="wave"
    >
      👋🏼
    </span>
    <p
      className="bio"
    >
      I'm a 
      <b>
        Front End Engineer
      </b>
       from Barcelona. I 
      <a
        href="https://github.com/carloscuesta"
        rel="noopener noreferrer"
        target="_blank"
      >
        code
      </a>
      , 
      <a
        href="/blog"
        onClick={[Function]}
        onMouseEnter={[Function]}
      >
        write
      </a>
       and build stuff on internet.
    </p>
  </div>
</header>
`;
