// Jest Snapshot v1, https://goo.gl/fbAQLP

exports[`_app page should match App page 1`] = `
<Layout>
  <DefaultSeo
    description="I'm a Front End engineer based in Barcelona, Spain. Coding passionate that is focused on JavaScript. Interested in design, technology, sneakers and OpenSource ❤️."
    openGraph={
      Object {
        "images": Array [
          Object {
            "alt": "Carlos Cuesta",
            "height": 600,
            "url": "https://carloscuesta.me/images/twitter-card.png",
            "width": 1200,
          },
        ],
        "locale": "en_GB",
        "site_name": "Carlos Cuesta",
        "type": "website",
        "url": "https://carloscuesta.me",
      }
    }
    title="Carlos Cuesta – Front End Engineer"
    twitter={
      Object {
        "cardType": "summary_large_image",
        "handle": "@crloscuesta",
        "site": "@crloscuesta",
      }
    }
  />
  <div
    test=""
  >
    Component
  </div>
</Layout>
`;
