// Jest Snapshot v1, https://goo.gl/fbAQLP

exports[`staticData education should match data 1`] = `
Array [
  Object {
    "dateFinish": "06/05/2015",
    "dateStart": "09/11/2013",
    "description": "A two years degree about building web applications. Using Front-End and Back-End technologies.",
    "link": "https://www.clot.fje.edu",
    "location": "Escola Jesuïtes El Clot",
    "title": "CFGS DAW",
  },
  Object {
    "dateFinish": null,
    "dateStart": "12/15/1995",
    "description": "The things I learned by myself became the vast majority of what I know today. #AlwaysLearning",
    "link": "#",
    "location": "anywhere in the 🌍",
    "title": "Self-taught",
  },
]
`;

exports[`staticData workExperience should match data 1`] = `
Array [
  Object {
    "company": Object {
      "link": "https://ulabox.com",
      "logo": "https://res.cloudinary.com/carloscuesta/image/upload/v1593899513/about-me/ulabox.png",
      "name": "Ulabox",
    },
    "positions": Array [
      Object {
        "dateFinish": null,
        "dateStart": "03/01/2018",
        "description": "As a Lead Front End Engineer I mentored 3 developers. I helped to define, organize and breakdown new projects. I moved the whole website to React using SSR with Next.js. I built different React-Native applications for our logistic process and I maintained and introduced new features to the Ulabox application.",
        "title": "Lead Front End Engineer",
      },
      Object {
        "dateFinish": "03/01/2018",
        "dateStart": "01/09/2017",
        "description": "I contributed to the release of the Ulabox React-Native application and maintained the website. Also I automated the process of shipping our native applications to stores using Fastlane.",
        "title": "Front End Engineer",
      },
    ],
  },
  Object {
    "company": Object {
      "link": "https://www.bemediatic.com",
      "logo": "https://res.cloudinary.com/carloscuesta/image/upload/v1593899512/about-me/mediatic.png",
      "name": "Mediàtic",
    },
    "positions": Array [
      Object {
        "dateFinish": "12/23/2016",
        "dateStart": "03/01/2015",
        "description": "As a Front-End Developer on this marketing agency I built a lot of websites for our clients using HTML, CSS and JS with Wordpress as a CMS. I helped to improve the development internal tooling.",
        "title": "Front End Developer",
      },
    ],
  },
  Object {
    "company": Object {
      "link": "https://www.friendlyrentals.com",
      "logo": "https://res.cloudinary.com/carloscuesta/image/upload/v1593938160/about-me/friendlyrentals.png",
      "name": "Friendly Rentals",
    },
    "positions": Array [
      Object {
        "dateFinish": "02/11/2015",
        "dateStart": "10/01/2014",
        "description": "As an intern I helped on building static pages of the website using Bootstrap, HTML and jQuery.",
        "title": "Front End Developer Intern",
      },
    ],
  },
]
`;
