// Jest Snapshot v1, https://goo.gl/fbAQLP

exports[`blog page should match blog page 1`] = `
Array [
  <NextSeo
    canonical="https://carloscuesta.me/blog"
    title="Carlos Cuesta – Blog"
  />,
  <main>
    <div
      className="wrapper"
    >
      <h3
        className="title"
      >
        Blog
      </h3>
      <div
        className="row"
      >
        <div
          className="col-xs-12"
        >
          <h4
            className="year"
          >
            2019
          </h4>
        </div>
        <BlogPost
          post={
            Object {
              "dateModified": "2019-10-01 22:15",
              "datePublished": Object {
                "formatDate": "01 October 2019",
                "formatInWords": "9 months ago",
                "value": "2019-10-01 22:15",
              },
              "disqusIdentifier": "5bc9ff9949ac5006c0a84f00",
              "excerpt": "A guide to create JavaScript monorepos with Lerna and Yarn Workspaces. Explaining what is a monorepo, what are they useful for and how to create one with a code example",
              "html": "<h1>html</h1>",
              "images": Object {
                "featured": Object {
                  "src": "https://res.cloudinary.com/carloscuesta/image/upload/JavaScript-monorepos-with-Lerna-and-Yarn-Workspaces.png",
                },
                "preview": Object {
                  "lqpi": "https://res.cloudinary.com/carloscuesta/image/upload/t_lqpi-post-preview/JavaScript-monorepos-with-Lerna-and-Yarn-Workspaces.png",
                  "src": "https://res.cloudinary.com/carloscuesta/image/upload/w_500/JavaScript-monorepos-with-Lerna-and-Yarn-Workspaces.png",
                },
              },
              "slug": "javascript-monorepos-lerna-yarn-workspaces",
              "title": "JavaScript monorepos with Lerna and Yarn Workspaces",
            }
          }
        />
        <BlogPost
          post={
            Object {
              "dateModified": "2019-09-12 17:00",
              "datePublished": Object {
                "formatDate": "12 September 2019",
                "formatInWords": "9 months ago",
                "value": "2019-09-12 17:00",
              },
              "disqusIdentifier": "5d78d0fcf942665cd6becd9a",
              "excerpt": "I'm going to explain why it's important and how you can use error boundaries in a React-Native application to improve error resiliency 👨‍💻",
              "html": "<h1>html</h1>",
              "images": Object {
                "featured": Object {
                  "src": "https://res.cloudinary.com/carloscuesta/image/upload/handling-react-native-errors-with-error-boundaries.png",
                },
                "preview": Object {
                  "lqpi": "https://res.cloudinary.com/carloscuesta/image/upload/t_lqpi-post-preview/handling-react-native-errors-with-error-boundaries.png",
                  "src": "https://res.cloudinary.com/carloscuesta/image/upload/w_500/handling-react-native-errors-with-error-boundaries.png",
                },
              },
              "slug": "managing-react-native-crashes-with-error-boundaries",
              "title": "Managing React-Native crashes with Error Boundaries",
            }
          }
        />
      </div>
      <div
        className="row"
      >
        <div
          className="col-xs-12"
        >
          <h4
            className="year"
          >
            2018
          </h4>
        </div>
        <BlogPost
          post={
            Object {
              "dateModified": "2018-10-16 12:10",
              "datePublished": Object {
                "formatDate": "16 October 2018",
                "formatInWords": "over 1 year ago",
                "value": "2018-10-16 12:10",
              },
              "disqusIdentifier": "5b6c646126d36606d1805ab3",
              "excerpt": "Creating scalable React components using the folder pattern. A simple way to organize and structure React Components.",
              "html": "<h1>html</h1>",
              "images": Object {
                "featured": Object {
                  "src": "https://res.cloudinary.com/carloscuesta/image/upload/scalable-react-components.png",
                },
                "preview": Object {
                  "lqpi": "https://res.cloudinary.com/carloscuesta/image/upload/t_lqpi-post-preview/scalable-react-components.png",
                  "src": "https://res.cloudinary.com/carloscuesta/image/upload/w_500/scalable-react-components.png",
                },
              },
              "slug": "scalable-react-components-architecture",
              "title": "Scalable React Components architecture",
            }
          }
        />
        <BlogPost
          post={
            Object {
              "dateModified": "2018-10-15 09:53",
              "datePublished": Object {
                "formatDate": "19 September 2018",
                "formatInWords": "almost 2 years ago",
                "value": "2018-09-19 09:53",
              },
              "disqusIdentifier": "5ae59dcdb3211a06522ad69b",
              "excerpt": "The process of continuously delivering React Native apps with Fastlane and Travis CI automatically. ",
              "html": "<h1>html</h1>",
              "images": Object {
                "featured": Object {
                  "src": "https://res.cloudinary.com/carloscuesta/image/upload/shipping-react-native-fastlane-travis.png",
                },
                "preview": Object {
                  "lqpi": "https://res.cloudinary.com/carloscuesta/image/upload/t_lqpi-post-preview/shipping-react-native-fastlane-travis.png",
                  "src": "https://res.cloudinary.com/carloscuesta/image/upload/w_500/shipping-react-native-fastlane-travis.png",
                },
              },
              "slug": "shipping-react-native-fastlane-travis",
              "title": "Shipping React Native apps with Fastlane and Travis",
            }
          }
        />
      </div>
      <div
        className="row"
      >
        <div
          className="col-xs-12"
        >
          <h4
            className="year"
          >
            2017
          </h4>
        </div>
        <BlogPost
          post={
            Object {
              "dateModified": "2017-10-30 10:00",
              "datePublished": Object {
                "formatDate": "30 October 2017",
                "formatInWords": "over 2 years ago",
                "value": "2017-10-30 10:00",
              },
              "disqusIdentifier": "23",
              "excerpt": "ReactiveConf 2017 review. A two days conference about functional and reactive programming that takes places in Bratislava.",
              "html": "<h1>html</h1>",
              "images": Object {
                "featured": Object {
                  "src": "https://res.cloudinary.com/carloscuesta/image/upload/v1504460420/nmm99etv7j32h5lsulgx.png",
                },
                "preview": Object {
                  "lqpi": "https://res.cloudinary.com/carloscuesta/image/upload/t_lqpi-post-preview/v1504460420/nmm99etv7j32h5lsulgx.png",
                  "src": "https://res.cloudinary.com/carloscuesta/image/upload/w_500/v1504460420/nmm99etv7j32h5lsulgx.png",
                },
              },
              "slug": "reactiveconf-2017",
              "title": "ReactiveConf 2017",
            }
          }
        />
        <BlogPost
          post={
            Object {
              "dateModified": "2017-10-18 10:15",
              "datePublished": Object {
                "formatDate": "18 October 2017",
                "formatInWords": "over 2 years ago",
                "value": "2017-10-18 10:15",
              },
              "disqusIdentifier": "59cfbaac613ac70679db193e",
              "excerpt": "The process of moving my website and Ghost blog from Heroku to DigitalOcean.  Provisioning up the server with Node.js, Nginx, LetsEncrypt and PM2.",
              "html": "<h1>html</h1>",
              "images": Object {
                "featured": Object {
                  "src": "https://res.cloudinary.com/carloscuesta/image/upload/moving-to-digitalocean.png",
                },
                "preview": Object {
                  "lqpi": "https://res.cloudinary.com/carloscuesta/image/upload/t_lqpi-post-preview/moving-to-digitalocean.png",
                  "src": "https://res.cloudinary.com/carloscuesta/image/upload/w_500/moving-to-digitalocean.png",
                },
              },
              "slug": "moving-to-digitalocean",
              "title": "Moving to DigitalOcean",
            }
          }
        />
      </div>
    </div>
  </main>,
]
`;
