// Jest Snapshot v1, https://goo.gl/fbAQLP

exports[`blog page should match blog page 1`] = `
[
  <NextSeo
    canonical="https://carloscuesta.me/blog"
    title="Carlos Cuesta – Blog"
  />,
  <main>
    <div
      className="m-[0_auto] max-w-4xl px-6 sm:px-4 "
    >
      <h1
        className="my-6 text-xl font-bold"
      >
        Blog
      </h1>
      <div
        className="grid gap-8"
      >
        <section>
          <h2
            className="mb-4 text-lg font-bold opacity-90"
          >
            2019
          </h2>
          <ul
            className="grid grid-flow-row gap-3"
          >
            <li
              className="-mx-3 rounded-lg transition-all focus-within:bg-neutral-100 hover:bg-neutral-100 dark:focus-within:bg-neutral-900 dark:hover:bg-neutral-900"
            >
              <a
                className="flex flex-col-reverse gap-1 rounded-lg px-3 py-3 outline-none focus:ring-2 focus:ring-neutral-300 dark:focus:ring-neutral-500 sm:flex-row sm:gap-3 sm:py-4"
                href="/blog/javascript-monorepos-lerna-yarn-workspaces"
                onClick={[Function]}
                onMouseEnter={[Function]}
                onTouchStart={[Function]}
                title="JavaScript monorepos with Lerna and Yarn Workspaces"
              >
                <time
                  aria-label="Written 01 October 2019"
                  className="opacity-60 sm:w-20"
                  dateTime="2019-10-01 22:15"
                >
                  01 Oct
                </time>
                <p
                  className="font-medium"
                >
                  JavaScript monorepos with Lerna and Yarn Workspaces
                </p>
              </a>
            </li>
            <li
              className="-mx-3 rounded-lg transition-all focus-within:bg-neutral-100 hover:bg-neutral-100 dark:focus-within:bg-neutral-900 dark:hover:bg-neutral-900"
            >
              <a
                className="flex flex-col-reverse gap-1 rounded-lg px-3 py-3 outline-none focus:ring-2 focus:ring-neutral-300 dark:focus:ring-neutral-500 sm:flex-row sm:gap-3 sm:py-4"
                href="/blog/managing-react-native-crashes-with-error-boundaries"
                onClick={[Function]}
                onMouseEnter={[Function]}
                onTouchStart={[Function]}
                title="Managing React-Native crashes with Error Boundaries"
              >
                <time
                  aria-label="Written 12 September 2019"
                  className="opacity-60 sm:w-20"
                  dateTime="2019-09-12 17:00"
                >
                  12 Dec
                </time>
                <p
                  className="font-medium"
                >
                  Managing React-Native crashes with Error Boundaries
                </p>
              </a>
            </li>
          </ul>
        </section>
        <section>
          <h2
            className="mb-4 text-lg font-bold opacity-90"
          >
            2018
          </h2>
          <ul
            className="grid grid-flow-row gap-3"
          >
            <li
              className="-mx-3 rounded-lg transition-all focus-within:bg-neutral-100 hover:bg-neutral-100 dark:focus-within:bg-neutral-900 dark:hover:bg-neutral-900"
            >
              <a
                className="flex flex-col-reverse gap-1 rounded-lg px-3 py-3 outline-none focus:ring-2 focus:ring-neutral-300 dark:focus:ring-neutral-500 sm:flex-row sm:gap-3 sm:py-4"
                href="/blog/scalable-react-components-architecture"
                onClick={[Function]}
                onMouseEnter={[Function]}
                onTouchStart={[Function]}
                title="Scalable React Components architecture"
              >
                <time
                  aria-label="Written 16 October 2018"
                  className="opacity-60 sm:w-20"
                  dateTime="2018-10-16 12:10"
                >
                  16 Oct
                </time>
                <p
                  className="font-medium"
                >
                  Scalable React Components architecture
                </p>
              </a>
            </li>
            <li
              className="-mx-3 rounded-lg transition-all focus-within:bg-neutral-100 hover:bg-neutral-100 dark:focus-within:bg-neutral-900 dark:hover:bg-neutral-900"
            >
              <a
                className="flex flex-col-reverse gap-1 rounded-lg px-3 py-3 outline-none focus:ring-2 focus:ring-neutral-300 dark:focus:ring-neutral-500 sm:flex-row sm:gap-3 sm:py-4"
                href="/blog/shipping-react-native-fastlane-travis"
                onClick={[Function]}
                onMouseEnter={[Function]}
                onTouchStart={[Function]}
                title="Shipping React Native apps with Fastlane and Travis"
              >
                <time
                  aria-label="Written 19 September 2018"
                  className="opacity-60 sm:w-20"
                  dateTime="2018-09-19 09:53"
                >
                  19 Sep
                </time>
                <p
                  className="font-medium"
                >
                  Shipping React Native apps with Fastlane and Travis
                </p>
              </a>
            </li>
          </ul>
        </section>
        <section>
          <h2
            className="mb-4 text-lg font-bold opacity-90"
          >
            2017
          </h2>
          <ul
            className="grid grid-flow-row gap-3"
          >
            <li
              className="-mx-3 rounded-lg transition-all focus-within:bg-neutral-100 hover:bg-neutral-100 dark:focus-within:bg-neutral-900 dark:hover:bg-neutral-900"
            >
              <a
                className="flex flex-col-reverse gap-1 rounded-lg px-3 py-3 outline-none focus:ring-2 focus:ring-neutral-300 dark:focus:ring-neutral-500 sm:flex-row sm:gap-3 sm:py-4"
                href="/blog/reactiveconf-2017"
                onClick={[Function]}
                onMouseEnter={[Function]}
                onTouchStart={[Function]}
                title="ReactiveConf 2017"
              >
                <time
                  aria-label="Written 30 October 2017"
                  className="opacity-60 sm:w-20"
                  dateTime="2017-10-30 10:00"
                >
                  30 Oct
                </time>
                <p
                  className="font-medium"
                >
                  ReactiveConf 2017
                </p>
              </a>
            </li>
            <li
              className="-mx-3 rounded-lg transition-all focus-within:bg-neutral-100 hover:bg-neutral-100 dark:focus-within:bg-neutral-900 dark:hover:bg-neutral-900"
            >
              <a
                className="flex flex-col-reverse gap-1 rounded-lg px-3 py-3 outline-none focus:ring-2 focus:ring-neutral-300 dark:focus:ring-neutral-500 sm:flex-row sm:gap-3 sm:py-4"
                href="/blog/moving-to-digitalocean"
                onClick={[Function]}
                onMouseEnter={[Function]}
                onTouchStart={[Function]}
                title="Moving to DigitalOcean"
              >
                <time
                  aria-label="Written 18 October 2017"
                  className="opacity-60 sm:w-20"
                  dateTime="2017-10-18 10:15"
                >
                  18 Oct
                </time>
                <p
                  className="font-medium"
                >
                  Moving to DigitalOcean
                </p>
              </a>
            </li>
          </ul>
        </section>
      </div>
    </div>
  </main>,
]
`;
