// Jest Snapshot v1, https://goo.gl/fbAQLP

exports[`GitHub API Client apiCalls should match fetchRepositories call 1`] = `
Object {
  "mutator": [Function],
  "requestOptions": Object {
    "headers": Object {
      "Accept": "application/vnd.github.v3+json",
      "Authorization": undefined,
    },
  },
  "url": "https://api.github.com/search/repositories?q=user:carloscuesta&sort=stars&per_page=6&order=desc",
}
`;

exports[`GitHub API Client mutators transformRepositories should match the mutated repositories 1`] = `
Array [
  Object {
    "description": "An emoji guide for your commit messages. 😜 ",
    "language": "javascript",
    "name": "gitmoji",
    "stars": 7323,
    "url": "https://github.com/carloscuesta/gitmoji",
  },
]
`;
