// Jest Snapshot v1, https://goo.gl/fbAQLP

exports[`Writings should match Writings component 1`] = `
<section>
  <div
    className="wrapper"
  >
    <div
      className="container containerWithLink"
    >
      <div>
        <h2
          className="sectionTitle "
        >
          Writings
        </h2>
        <h3
          className="sectionSubtitle"
        >
          The latests posts of my blog.
        </h3>
      </div>
      <a
        href="/blog"
        onClick={[Function]}
        onMouseEnter={[Function]}
        onTouchStart={[Function]}
      >
        View all
      </a>
    </div>
    <div
      className="row scrollablePosts"
      onScroll={[Function]}
    >
      <div
        className="col-xs-12 col-sm-6 col-md-4 postContainer"
      >
        <article
          onClick={[Function]}
          onMouseEnter={[Function]}
          onTouchStart={[Function]}
        >
          <img
            alt="Post Title"
            className="lazyload postImage"
            data-src="https://res.cloudinary.com/carloscuesta/image/upload/w_500/v1454754838/kcuq34zbo1yieygmx0y6.png"
            src="https://res.cloudinary.com/carloscuesta/image/upload/t_lqpi-post-preview/v1454754838/kcuq34zbo1yieygmx0y6.png"
          />
          <div
            className="postContent"
          >
            <header
              className="postTitle"
            >
              Post Title
            </header>
            <time
              className="postPublishedAt"
              dateTime="2019-12-15 10:00"
            >
              A year ago
            </time>
            <p
              className="postExcerpt"
            >
              This is the post excerpt that will be shown.
            </p>
          </div>
        </article>
      </div>
      <div
        className="col-xs-12 col-sm-6 col-md-4 postContainer"
      >
        <article
          onClick={[Function]}
          onMouseEnter={[Function]}
          onTouchStart={[Function]}
        >
          <img
            alt="A post"
            className="lazyload postImage"
            data-src="https://res.cloudinary.com/carloscuesta/image/upload/w_500/v1454754838/kcuq34zbo1yieygmx0y6.png"
            src="https://res.cloudinary.com/carloscuesta/image/upload/t_lqpi-post-preview/v1454754838/kcuq34zbo1yieygmx0y6.png"
          />
          <div
            className="postContent"
          >
            <header
              className="postTitle"
            >
              A post
            </header>
            <time
              className="postPublishedAt"
              dateTime="2019-12-17 10:00"
            >
              A year ago
            </time>
            <p
              className="postExcerpt"
            >
              This is the post excerpt that will be shown.
            </p>
          </div>
        </article>
      </div>
    </div>
    <div
      className="row"
    >
      <div
        className="col-xs-12 scrollButtons"
      >
        <button
          className="button"
          disabled={true}
          onClick={[Function]}
        >
          <svg
            fill="currentColor"
            height="24"
            width="24"
            xmlns="http://www.w3.org/2000/svg"
          >
            <path
              d="M15.422 7.406L10.828 12l4.594 4.594L14.016 18l-6-6 6-6z"
            />
          </svg>
          <span>
            Back
          </span>
        </button>
        <button
          className="button"
          disabled={false}
          onClick={[Function]}
        >
          <span>
            Next
          </span>
          <svg
            fill="currentColor"
            height="24"
            width="24"
            xmlns="http://www.w3.org/2000/svg"
          >
            <path
              d="M9.984 6l6 6-6 6-1.406-1.406L13.172 12 8.578 7.406z"
            />
          </svg>
        </button>
      </div>
    </div>
  </div>
</section>
`;
