// Jest Snapshot v1, https://goo.gl/fbAQLP

exports[`Stats should match Stats component 1`] = `
<div>
  <section
    class="grid gap-4 sm:grid-flow-col sm:grid-cols-3"
  >
    <div
      class="flex-1"
    >
      <article
        class="rounded-lg border border-solid border-neutral-100 px-4 py-8 dark:border-neutral-800"
      >
        <p
          class="pb-2 opacity-80"
        >
          GitHub Stars
        </p>
        <p
          class="text-xl font-extrabold"
        >
          1,000
        </p>
      </article>
    </div>
    <div
      class="flex-1"
    >
      <article
        class="rounded-lg border border-solid border-neutral-100 px-4 py-8 dark:border-neutral-800"
      >
        <p
          class="pb-2 opacity-80"
        >
          GitHub Followers
        </p>
        <p
          class="text-xl font-extrabold"
        >
          100
        </p>
      </article>
    </div>
    <div
      class="flex-1"
    >
      <article
        class="rounded-lg border border-solid border-neutral-100 px-4 py-8 dark:border-neutral-800"
      >
        <p
          class="pb-2 opacity-80"
        >
          NPM Downloads
        </p>
        <p
          class="text-xl font-extrabold"
        >
          100,000
          <span
            class="text-sm font-medium opacity-50"
          >
             / year
          </span>
        </p>
      </article>
    </div>
  </section>
</div>
`;
