// Jest Snapshot v1, https://goo.gl/fbAQLP

exports[`SetupImage should match SetupImage component 1`] = `
<img
  alt="Carlos Cuesta workspace setup"
  className="lazyload image"
  data-src="https://res.cloudinary.com/carloscuesta/image/upload/v1659775881/carloscuesta-setup_z1azyb.jpg"
  src="https://res.cloudinary.com/carloscuesta/image/upload/s--pm3d7vcD--/c_scale,e_blur:200,q_20,w_500/v1659775881/carloscuesta-setup_z1azyb.jpg"
  width={2016}
/>
`;
