// Jest Snapshot v1, https://goo.gl/fbAQLP

exports[`SetupImage should match SetupImage component 1`] = `
<img
  alt="Carlos Cuesta workspace setup"
  className="lazyload image"
  data-src="https://res.cloudinary.com/carloscuesta/image/upload/v1632860558/carloscuesta-setup_ncn4oc.jpg"
  src="https://res.cloudinary.com/carloscuesta/image/upload/s--OSiTKt4L--/c_scale,e_blur:200,q_20,w_504/v1632860558/carloscuesta-setup_ncn4oc.jpg"
  width={2016}
/>
`;
