// Jest Snapshot v1, https://jestjs.io/docs/snapshot-testing

exports[`Post should render the component 1`] = `
<div>
  <li
    class="-mx-3 rounded-lg transition-all focus-within:bg-neutral-100 hover:bg-neutral-100 dark:focus-within:bg-neutral-900 dark:hover:bg-neutral-900"
  >
    <a
      class="flex flex-col-reverse gap-1 rounded-lg px-3 py-2 outline-hidden focus:ring-2 focus:ring-neutral-300 dark:focus:ring-neutral-500 sm:flex-row sm:gap-2 sm:py-2"
      href="/blog/post-blog-slug"
      tabindex="0"
      title="A post"
    >
      <time
        aria-label="Written 15/12/2019"
        class="opacity-60 sm:w-20"
        datetime="2019-12-15 10:00"
      >
        15 Dec
      </time>
      <div
        class="grid flex-1 grid-flow-col items-baseline justify-between gap-10 md:items-center"
      >
        <p
          class="font-medium"
        >
          A post
        </p>
        <p
          class="font-mono text-sm opacity-60"
        >
          1,000 views
        </p>
      </div>
    </a>
  </li>
</div>
`;
