// Jest Snapshot v1, https://goo.gl/fbAQLP

exports[`404 page should match Error 404 page 1`] = `
<Wrapper>
  <div
    className="sm:py-10"
  >
    <h1
      className="my-6 text-xl font-bold"
    >
      Are you lost?
    </h1>
    <h2
      className="pb-4 text-xl"
    >
      The page you are looking for doesn't exist.
    </h2>
    <h3
      className="text-lg"
    >
      Here are some helpful links instead:
    </h3>
    <ul
      className="list-inside list-disc px-4 py-8 text-lg underline underline-offset-2"
    >
      <li>
        <a
          href="/"
          onClick={[Function]}
          onMouseEnter={[Function]}
          onTouchStart={[Function]}
        >
          Home
        </a>
      </li>
      <li>
        <a
          href="/about"
          onClick={[Function]}
          onMouseEnter={[Function]}
          onTouchStart={[Function]}
        >
          About
        </a>
      </li>
      <li>
        <a
          href="/blog"
          onClick={[Function]}
          onMouseEnter={[Function]}
          onTouchStart={[Function]}
        >
          Blog
        </a>
      </li>
      <li>
        <a
          href="/projects"
          onClick={[Function]}
          onMouseEnter={[Function]}
          onTouchStart={[Function]}
        >
          Projects
        </a>
      </li>
      <li>
        <a
          href="/uses"
          onClick={[Function]}
          onMouseEnter={[Function]}
          onTouchStart={[Function]}
        >
          Uses
        </a>
      </li>
    </ul>
    <h4
      className="text-lg font-extrabold"
    >
      Error code: 404
    </h4>
  </div>
</Wrapper>
`;
