// Jest Snapshot v1, https://goo.gl/fbAQLP

exports[`Section should match Section component 1`] = `
<section>
  <div
    className="my-6 flex items-end justify-between"
  >
    <div
      className=""
    >
      <h2
        className="text-lg font-bold"
      >
        Gear
      </h2>
      <h3
        className="text-md opacity-70"
      >
        Home office equipment
      </h3>
    </div>
  </div>
  <ul
    className="prose list-inside list-disc dark:prose-invert"
  >
    <li>
      Desk – 
      <a
        href="https://www.fully.com/standing-desks/jarvis-adjustable-height-desk-bamboo.html"
        rel="noopener noreferrer"
      >
        Fully Jarvis Bamboo Standing Desk
      </a>
    </li>
    <li>
      Laptop – 
      <a
        href="https://support.apple.com/kb/sp704"
        rel="noopener noreferrer"
      >
        MacBook Pro 15 (Mid 2014), i7 @ 2,5GHz, 16 GB
      </a>
    </li>
    <li>
      Chair – 
      <a
        href="https://www.ikea.com/es/es/p/markus-silla-trabajo-glose-negro-40103100/"
        rel="noopener noreferrer"
      >
        Ikea Markus
      </a>
    </li>
    <li>
      Monitor – 
      Dell U2414H
    </li>
  </ul>
</section>
`;
